0 verbose cli C:\Program Files\nodejs\node.exe C:\Users\oluac\AppData\Roaming\npm\node_modules\npm\bin\npm-cli.js
1 info using npm@11.9.0
2 info using node@v23.10.0
3 silly config load:file:C:\Users\oluac\AppData\Roaming\npm\node_modules\npm\npmrc
4 silly config load:file:C:\Users\oluac\Desktop\my-next-app\.npmrc
5 silly config load:file:C:\Users\oluac\.npmrc
6 silly config load:file:C:\Users\oluac\AppData\Roaming\npm\etc\npmrc
7 verbose title npm install @lottiefiles/dotlottie-react
8 verbose argv "install" "@lottiefiles/dotlottie-react" "--cache" ".npm-cache" "--no-audit" "--no-fund"
9 verbose logfile logs-max:10 dir:C:\Users\oluac\Desktop\my-next-app\.npm-cache\_logs\2026-03-31T10_51_35_390Z-
10 verbose logfile C:\Users\oluac\Desktop\my-next-app\.npm-cache\_logs\2026-03-31T10_51_35_390Z-debug-0.log
11 silly logfile done cleaning log files
12 silly packumentCache heap:4345298944 maxSize:1086324736 maxEntrySize:543162368
13 silly idealTree buildDeps
14 silly fetch manifest @lottiefiles/dotlottie-react@*
15 silly packumentCache full:https://registry.npmjs.org/@lottiefiles%2fdotlottie-react cache-miss
16 http fetch GET 200 https://registry.npmjs.org/@lottiefiles%2fdotlottie-react 508ms (cache miss)
17 silly packumentCache full:https://registry.npmjs.org/@lottiefiles%2fdotlottie-react set size:undefined disposed:false
18 silly fetch manifest react@19.2.3
19 silly packumentCache full:https://registry.npmjs.org/react cache-miss
20 http fetch GET 200 https://registry.npmjs.org/react 483ms (cache miss)
21 silly packumentCache full:https://registry.npmjs.org/react set size:undefined disposed:false
22 silly placeDep ROOT @lottiefiles/dotlottie-react@0.18.8 OK for: my-next-app@0.1.0 want: *
23 silly fetch manifest @lottiefiles/dotlottie-web@0.68.0
24 silly packumentCache full:https://registry.npmjs.org/@lottiefiles%2fdotlottie-web cache-miss
25 http fetch GET 200 https://registry.npmjs.org/@lottiefiles%2fdotlottie-web 351ms (cache miss)
26 silly packumentCache full:https://registry.npmjs.org/@lottiefiles%2fdotlottie-web set size:undefined disposed:false
27 silly placeDep ROOT @lottiefiles/dotlottie-web@0.68.0 OK for: @lottiefiles/dotlottie-react@0.18.8 want: 0.68.0
28 warn EBADENGINE Unsupported engine {
28 warn EBADENGINE   package: 'eslint-visitor-keys@5.0.1',
28 warn EBADENGINE   required: { node: '^20.19.0 || ^22.13.0 || >=24' },
28 warn EBADENGINE   current: { node: 'v23.10.0', npm: '11.9.0' }
28 warn EBADENGINE }
29 silly reify moves {}
30 http cache @lottiefiles/dotlottie-web@https://registry.npmjs.org/@lottiefiles/dotlottie-web/-/dotlottie-web-0.68.0.tgz 0ms (cache hit)
31 http cache @lottiefiles/dotlottie-react@https://registry.npmjs.org/@lottiefiles/dotlottie-react/-/dotlottie-react-0.18.8.tgz 0ms (cache hit)
32 silly tarball no local data for @lottiefiles/dotlottie-web@https://registry.npmjs.org/@lottiefiles/dotlottie-web/-/dotlottie-web-0.68.0.tgz. Extracting by manifest.
33 silly tarball no local data for @lottiefiles/dotlottie-react@https://registry.npmjs.org/@lottiefiles/dotlottie-react/-/dotlottie-react-0.18.8.tgz. Extracting by manifest.
34 http fetch GET 200 https://registry.npmjs.org/@lottiefiles/dotlottie-web/-/dotlottie-web-0.68.0.tgz 1017ms (cache miss)
35 http fetch GET 200 https://registry.npmjs.org/@lottiefiles/dotlottie-react/-/dotlottie-react-0.18.8.tgz 1141ms (cache miss)
36 silly ADD node_modules/@lottiefiles/dotlottie-web
37 silly ADD node_modules/@lottiefiles/dotlottie-react
38 verbose cwd C:\Users\oluac\Desktop\my-next-app
39 verbose os Windows_NT 10.0.26200
40 verbose node v23.10.0
41 verbose npm  v11.9.0
42 verbose exit 0
43 info ok
